[0.614s] Invoking command in '/root/ros2_ws/src/my_package': PYTHONPATH=/root/ros2_ws/build/my_package/prefix_override:/usr/lib/python3/dist-packages/colcon_core/task/python/colcon_distutils_commands:/root/ros2_ws/install/my_package/lib/python3.10/site-packages:${PYTHONPATH} /usr/bin/python3 -W ignore:setup.py install is deprecated -W ignore:easy_install command is deprecated setup.py egg_info --egg-base ../../build/my_package build --build-base /root/ros2_ws/build/my_package/build install --record /root/ros2_ws/build/my_package/install.log --single-version-externally-managed install_data
[0.818s] running egg_info
[0.819s] creating ../../build/my_package/my_package.egg-info
[0.820s] writing ../../build/my_package/my_package.egg-info/PKG-INFO
[0.820s] writing dependency_links to ../../build/my_package/my_package.egg-info/dependency_links.txt
[0.820s] writing entry points to ../../build/my_package/my_package.egg-info/entry_points.txt
[0.820s] writing requirements to ../../build/my_package/my_package.egg-info/requires.txt
[0.820s] writing top-level names to ../../build/my_package/my_package.egg-info/top_level.txt
[0.820s] writing manifest file '../../build/my_package/my_package.egg-info/SOURCES.txt'
[0.822s] reading manifest file '../../build/my_package/my_package.egg-info/SOURCES.txt'
[0.823s] writing manifest file '../../build/my_package/my_package.egg-info/SOURCES.txt'
[0.823s] running build
[0.823s] running build_py
[0.823s] creating /root/ros2_ws/build/my_package/build
[0.824s] creating /root/ros2_ws/build/my_package/build/lib
[0.824s] creating /root/ros2_ws/build/my_package/build/lib/my_package
[0.825s] copying my_package/my_node.py -> /root/ros2_ws/build/my_package/build/lib/my_package
[0.825s] copying my_package/__init__.py -> /root/ros2_ws/build/my_package/build/lib/my_package
[0.825s] running install
[0.825s] running install_lib
[0.826s] creating /root/ros2_ws/install/my_package/lib/python3.10/site-packages/my_package
[0.827s] copying /root/ros2_ws/build/my_package/build/lib/my_package/my_node.py -> /root/ros2_ws/install/my_package/lib/python3.10/site-packages/my_package
[0.827s] copying /root/ros2_ws/build/my_package/build/lib/my_package/__init__.py -> /root/ros2_ws/install/my_package/lib/python3.10/site-packages/my_package
[0.827s] byte-compiling /root/ros2_ws/install/my_package/lib/python3.10/site-packages/my_package/my_node.py to my_node.cpython-310.pyc
[0.828s] byte-compiling /root/ros2_ws/install/my_package/lib/python3.10/site-packages/my_package/__init__.py to __init__.cpython-310.pyc
[0.828s]   File "/root/ros2_ws/install/my_package/lib/python3.10/site-packages/my_package/my_node.py", line 6
[0.828s]     Class MyNode(Node):
[0.829s]           ^^^^^^
[0.829s] SyntaxError: invalid syntax
[0.829s] 
[0.829s] running install_data
[0.829s] creating /root/ros2_ws/install/my_package/share/ament_index
[0.830s] creating /root/ros2_ws/install/my_package/share/ament_index/resource_index
[0.831s] creating /root/ros2_ws/install/my_package/share/ament_index/resource_index/packages
[0.832s] copying resource/my_package -> /root/ros2_ws/install/my_package/share/ament_index/resource_index/packages
[0.832s] copying package.xml -> /root/ros2_ws/install/my_package/share/my_package
[0.832s] running install_egg_info
[0.835s] Copying ../../build/my_package/my_package.egg-info to /root/ros2_ws/install/my_package/lib/python3.10/site-packages/my_package-0.0.0-py3.10.egg-info
[0.837s] running install_scripts
[0.858s] Installing my_node script to /root/ros2_ws/install/my_package/lib/my_package
[0.859s] writing list of installed files to '/root/ros2_ws/build/my_package/install.log'
[0.879s] Invoked command in '/root/ros2_ws/src/my_package' returned '0': PYTHONPATH=/root/ros2_ws/build/my_package/prefix_override:/usr/lib/python3/dist-packages/colcon_core/task/python/colcon_distutils_commands:/root/ros2_ws/install/my_package/lib/python3.10/site-packages:${PYTHONPATH} /usr/bin/python3 -W ignore:setup.py install is deprecated -W ignore:easy_install command is deprecated setup.py egg_info --egg-base ../../build/my_package build --build-base /root/ros2_ws/build/my_package/build install --record /root/ros2_ws/build/my_package/install.log --single-version-externally-managed install_data
