[0.547s] Invoking command in '/root/ros2_ws/src/my_package': PYTHONPATH=/root/ros2_ws/build/my_package/prefix_override:/usr/lib/python3/dist-packages/colcon_core/task/python/colcon_distutils_commands:/root/ros2_ws/install/my_package/lib/python3.10/site-packages:${PYTHONPATH} /usr/bin/python3 -W ignore:setup.py install is deprecated -W ignore:easy_install command is deprecated setup.py egg_info --egg-base ../../build/my_package build --build-base /root/ros2_ws/build/my_package/build install --record /root/ros2_ws/build/my_package/install.log --single-version-externally-managed install_data
[0.754s] running egg_info
[0.754s] writing ../../build/my_package/my_package.egg-info/PKG-INFO
[0.755s] writing dependency_links to ../../build/my_package/my_package.egg-info/dependency_links.txt
[0.755s] writing entry points to ../../build/my_package/my_package.egg-info/entry_points.txt
[0.755s] writing requirements to ../../build/my_package/my_package.egg-info/requires.txt
[0.755s] writing top-level names to ../../build/my_package/my_package.egg-info/top_level.txt
[0.756s] reading manifest file '../../build/my_package/my_package.egg-info/SOURCES.txt'
[0.758s] writing manifest file '../../build/my_package/my_package.egg-info/SOURCES.txt'
[0.758s] running build
[0.758s] running build_py
[0.758s] copying my_package/my_node.py -> /root/ros2_ws/build/my_package/build/lib/my_package
[0.758s] running install
[0.758s] running install_lib
[0.759s] copying /root/ros2_ws/build/my_package/build/lib/my_package/my_node.py -> /root/ros2_ws/install/my_package/lib/python3.10/site-packages/my_package
[0.760s] byte-compiling /root/ros2_ws/install/my_package/lib/python3.10/site-packages/my_package/my_node.py to my_node.cpython-310.pyc
[0.760s] running install_data
[0.761s] running install_egg_info
[0.763s] removing '/root/ros2_ws/install/my_package/lib/python3.10/site-packages/my_package-0.0.0-py3.10.egg-info' (and everything under it)
[0.764s] Copying ../../build/my_package/my_package.egg-info to /root/ros2_ws/install/my_package/lib/python3.10/site-packages/my_package-0.0.0-py3.10.egg-info
[0.765s] running install_scripts
[0.787s] Installing my_node script to /root/ros2_ws/install/my_package/lib/my_package
[0.787s] writing list of installed files to '/root/ros2_ws/build/my_package/install.log'
[0.809s] Invoked command in '/root/ros2_ws/src/my_package' returned '0': PYTHONPATH=/root/ros2_ws/build/my_package/prefix_override:/usr/lib/python3/dist-packages/colcon_core/task/python/colcon_distutils_commands:/root/ros2_ws/install/my_package/lib/python3.10/site-packages:${PYTHONPATH} /usr/bin/python3 -W ignore:setup.py install is deprecated -W ignore:easy_install command is deprecated setup.py egg_info --egg-base ../../build/my_package build --build-base /root/ros2_ws/build/my_package/build install --record /root/ros2_ws/build/my_package/install.log --single-version-externally-managed install_data
